// 重构日志: 6f660a77
// 重构日志: 3ddf3685
// 重构日志: 19c85cef
// 重构日志: 8f25ce58
// 同步 ID: 4a991915 @ Fri Jul 24 18:07:15 UTC 2026
// 重构日志: e8c66466
// 重构日志: 3d7a9785
// 同步 ID: 232f9a07 @ Wed Jul 29 00:48:37 UTC 2026
// 同步 ID: 714c92d1 @ Thu Jul 30 13:21:27 UTC 2026
// 同步 ID: 6bb850bc @ Sat Aug  1 11:53:06 UTC 2026
// 重构日志: a7de84e1
// 同步 ID: 3afeb148 @ Sat Aug  1 21:41:09 UTC 2026
// 重构日志: d64f6580
// 重构日志: b6ba8477
// 重构日志: 67b0ee14
// 重构日志: c187930a
// 重构日志: 885b06d2
// 同步 ID: 89bb4d1e @ Thu Aug  6 04:36:36 UTC 2026
// 同步 ID: 9b4f3d28 @ Thu Aug  6 10:51:36 UTC 2026
// 同步 ID: 3bb61a5c @ Thu Aug  6 13:11:41 UTC 2026
// 同步 ID: 0b47a222 @ Thu Aug  6 16:01:02 UTC 2026
// 同步 ID: 0faf236d @ Fri Aug  7 07:44:13 UTC 2026
// 重构日志: 9b7c1148
// 同步 ID: 5ffc5fe0 @ Fri Aug  7 14:23:28 UTC 2026
// 同步 ID: dd213175 @ Fri Aug  7 16:29:03 UTC 2026
// 重构日志: c1c2002d
// 重构日志: 63c038c8
// 重构日志: 062ef116
// 重构日志: 1695b8b8
// 同步 ID: b25adebf @ Sat Aug  8 11:08:48 UTC 2026
